[dotenv@17.2.3] injecting env (25) from .env.local -- tip: ⚙️  specify custom .env file path with { path: '/custom/path/.env' }
[WebServer] [@sentry/nextjs] It appears you've configured a `sentry.server.config.js` file. Please ensure to put this file's content into the `register()` function of a Next.js instrumentation file instead. To ensure correct functionality of the SDK, `Sentry.init` must be called inside of an instrumentation file. Learn more about setting up an instrumentation file in Next.js: https://nextjs.org/docs/app/building-your-application/optimizing/instrumentation. You can safely delete the `sentry.server.config.js` file afterward.
[WebServer] [@sentry/nextjs] It appears you've configured a `sentry.edge.config.js` file. Please ensure to put this file's content into the `register()` function of a Next.js instrumentation file instead. To ensure correct functionality of the SDK, `Sentry.init` must be called inside of an instrumentation file. Learn more about setting up an instrumentation file in Next.js: https://nextjs.org/docs/app/building-your-application/optimizing/instrumentation. You can safely delete the `sentry.edge.config.js` file afterward.
[WebServer] [@sentry/nextjs] DEPRECATION WARNING: It is recommended renaming your `sentry.client.config.js` file, or moving its content to `instrumentation-client.ts`. When using Turbopack `sentry.client.config.js` will no longer work. Read more about the `instrumentation-client.ts` file: https://nextjs.org/docs/app/api-reference/file-conventions/instrumentation-client

Running 1 test using 1 worker

[dotenv@17.2.3] injecting env (0) from .env.local -- tip: ⚙️  suppress all logs with { quiet: true }
[BROWSER] %cDownload the React DevTools for a better development experience: https://reactjs.org/link/react-devtools font-weight:bold
[BROWSER] Creating a worker from 'blob:http://localhost:3003/9929e78d-0f81-49e6-b6ec-2c1ff3ec0cce' violates the following Content Security Policy directive: "script-src 'self' 'unsafe-inline' 'unsafe-eval'". Note that 'worker-src' was not explicitly set, so 'script-src' is used as a fallback. The policy is report-only, so the violation has been logged but no further action has been taken.
[BROWSER] GoTrueClient@sb-evubeqeaafdjnuocyhmb-auth-token:1 (2.87.1) 2026-01-29T10:34:41.106Z Multiple GoTrueClient instances detected in the same browser context. It is not an error, but this should be avoided as it may produce undefined behavior when used concurrently under the same storage key.
[BROWSER] [HomeLogic] Instance MOUNT: ux9tg
[BROWSER] [HomeLogic] Instance UNMOUNT: ux9tg
[BROWSER] [HomeLogic] Instance MOUNT: ux9tg
[BROWSER] [HomeLogic] Checking onboarding (atomic): hydrated=true, seenVersion=0, targetVersion=1
[BROWSER] [HomeLogic] Opening onboarding
[BROWSER] [AppOverlays] Render: isOpen=true, seenVersion=0
[BROWSER] [AppOverlays] Render: isOpen=true, seenVersion=0
[BROWSER] [AppOverlays] Render: isOpen=true, seenVersion=0
[BROWSER] [AppOverlays] Render: isOpen=true, seenVersion=0
[BROWSER] Failed to load resource: the server responded with a status of 400 ()
[BROWSER] [AppOverlays] Render: isOpen=true, seenVersion=0
[BROWSER] [AppOverlays] Render: isOpen=true, seenVersion=0
[BROWSER] [LoginPanel] handleBrowse triggered
[BROWSER] [LoginPanel] Requesting geolocation...
[BROWSER] [LoginPanel] Geolocation success
[BROWSER] [uiStateMachine] transition: login -> collapsed_desktop
[BROWSER] [AppOverlays] Render: isOpen=true, seenVersion=0
[BROWSER] [AppOverlays] Render: isOpen=true, seenVersion=0
[BROWSER] [useNodeFetcher] Request aborted
[BROWSER] [AppOverlays] Render: isOpen=true, seenVersion=0
[BROWSER] [AppOverlays] Render: isOpen=true, seenVersion=0
[BROWSER] [useNodeFetcher] Request aborted
[BROWSER] [useAgentChat] returning hook properties: [messages, input, handleInputChange, handleSubmit, sendMessage, setMessages, isLoading, thinkingStep, suggestedQuestions, isOffline, clearMessages, clearHistory, messagesEndRef, sessionId]
[BROWSER] [useAgentChat] returning hook properties: [messages, input, handleInputChange, handleSubmit, sendMessage, setMessages, isLoading, thinkingStep, suggestedQuestions, isOffline, clearMessages, clearHistory, messagesEndRef, sessionId]
[BROWSER] [useAgentChat] returning hook properties: [messages, input, handleInputChange, handleSubmit, sendMessage, setMessages, isLoading, thinkingStep, suggestedQuestions, isOffline, clearMessages, clearHistory, messagesEndRef, sessionId]
[BROWSER] [useAgentChat] returning hook properties: [messages, input, handleInputChange, handleSubmit, sendMessage, setMessages, isLoading, thinkingStep, suggestedQuestions, isOffline, clearMessages, clearHistory, messagesEndRef, sessionId]
[BROWSER] [AppOverlays] Render: isOpen=true, seenVersion=0
[BROWSER] [AppOverlays] Render: isOpen=true, seenVersion=0
[BROWSER] [useNodeFetcher] Request aborted
[BROWSER] [useNodeFetcher] Request aborted
[BROWSER] [VirtualizedNodeLayer] Virtualization Active: 46 visible / 113 total
[BROWSER] Failed to load resource: the server responded with a status of 400 ()
[BROWSER] [OfflineDataManager] Starting silent prefetch...
[BROWSER] Failed to load resource: the server responded with a status of 400 ()
[WebServer] [fetchNodeConfig] Node fetch failed for odpt:Station:JR-East.Yokohama, using fallback: {
[WebServer]   code: [32m'PGRST116'[39m,
[WebServer]   details: [32m'The result contains 0 rows'[39m,
[WebServer]   hint: [1mnull[22m,
[WebServer]   message: [32m'Cannot coerce the result to a single JSON object'[39m
[WebServer] }
[BROWSER] Failed to load resource: the server responded with a status of 404 (Not Found)
[WebServer] [fetchNodeConfig] Node fetch failed for odpt:Station:Keisei.NaritaAirportTerminal1, using fallback: {
[WebServer]   code: [32m'PGRST116'[39m,
[WebServer]   details: [32m'The result contains 0 rows'[39m,
[WebServer]   hint: [1mnull[22m,
[WebServer]   message: [32m'Cannot coerce the result to a single JSON object'[39m
[WebServer] }
[BROWSER] Failed to load resource: the server responded with a status of 404 (Not Found)
[WebServer] [fetchNodeConfig] Node fetch failed for odpt:Station:Keikyu.HanedaAirportTerminal1and2, using fallback: {
[WebServer]   code: [32m'PGRST116'[39m,
[WebServer]   details: [32m'The result contains 0 rows'[39m,
[WebServer]   hint: [1mnull[22m,
[WebServer]   message: [32m'Cannot coerce the result to a single JSON object'[39m
[WebServer] }
[BROWSER] Failed to load resource: the server responded with a status of 404 (Not Found)
[WebServer] [fetchNodeConfig] Node fetch failed for odpt:Station:Tobu.Oshiage, using fallback: {
[WebServer]   code: [32m'PGRST116'[39m,
[WebServer]   details: [32m'The result contains 0 rows'[39m,
[WebServer]   hint: [1mnull[22m,
[WebServer]   message: [32m'Cannot coerce the result to a single JSON object'[39m
[WebServer] }
[BROWSER] Failed to load resource: the server responded with a status of 404 (Not Found)
[BROWSER] [OfflineDataManager] Prefetch complete at 2026-01-29T10:34:47.695Z
[BROWSER] The resource http://localhost:3003/images/map-placeholder.jpg was preloaded using link preload but not used within a few seconds from the window's load event. Please make sure it has an appropriate `as` value and it is preloaded intentionally.
  ✘  1 [chromium] › e2e/base_access_demo.spec.ts:66:9 › Phase 1: Base Access & Onboarding Verification › Scenario 3: Skip Onboarding and Map Visibility (16.4s)


  1) [chromium] › e2e/base_access_demo.spec.ts:66:9 › Phase 1: Base Access & Onboarding Verification › Scenario 3: Skip Onboarding and Map Visibility 

    Error: [2mexpect([22m[31mlocator[39m[2m).[22mtoBeHidden[2m([22m[2m)[22m failed

    Locator:  locator('section[aria-labelledby="onboarding-title"]')
    Expected: hidden
    Received: visible
    Timeout:  15000ms

    Call log:
    [2m  - Expect "toBeHidden" with timeout 15000ms[22m
    [2m  - waiting for locator('section[aria-labelledby="onboarding-title"]')[22m
    [2m    19 × locator resolved to <section role="dialog" aria-modal="true" aria-labelledby="onboarding-title" class="fixed inset-0 z-[60] bg-black/30 backdrop-blur-sm flex items-center justify-center p-4 animate-in fade-in duration-300">…</section>[22m
    [2m       - unexpected value "visible"[22m


      72 |         // 2. 驗證 Onboarding 關閉
      73 |         const onboardingModal = page.locator('section[aria-labelledby="onboarding-title"]');
    > 74 |         await expect(onboardingModal).toBeHidden({ timeout: 15000 });
         |                                       ^
      75 |
      76 |         // 3. 檢查地圖上的 AI 助手按鈕是否存在
      77 |         const aiBtn = page.locator('button[data-testid="open-ai-chat"]').first();
        at /Users/zhuangzixian/Documents/LUTAGU_MVP/e2e/base_access_demo.spec.ts:74:39

    attachment #1: screenshot (image/png) ──────────────────────────────────────────────────────────
    test-results/base_access_demo-Phase-1-B-40072-boarding-and-Map-Visibility-chromium/test-failed-1.png
    ────────────────────────────────────────────────────────────────────────────────────────────────

    Error Context: test-results/base_access_demo-Phase-1-B-40072-boarding-and-Map-Visibility-chromium/error-context.md

  1 failed
    [chromium] › e2e/base_access_demo.spec.ts:66:9 › Phase 1: Base Access & Onboarding Verification › Scenario 3: Skip Onboarding and Map Visibility 
